2026-03-07 21:53:00,655 - data_feature_engineering - DEBUG - Data load completed...
2026-03-07 21:53:00,666 - data_feature_engineering - DEBUG - Data load completed...
2026-03-07 21:53:00,834 - data_feature_engineering - DEBUG - Bag of words applied and data transformed
2026-03-07 21:53:01,195 - data_feature_engineering - DEBUG - Data saved to ./data\processed\train_tfidf.csv
2026-03-07 21:53:01,303 - data_feature_engineering - DEBUG - Data saved to ./data\processed\test_tfidf.csv
2026-03-10 23:47:09,555 - data_feature_engineering - DEBUG - Data load completed...
2026-03-10 23:47:09,863 - data_feature_engineering - DEBUG - Data load completed...
2026-03-10 23:47:09,982 - data_feature_engineering - DEBUG - Bag of words applied and data transformed
2026-03-10 23:47:10,316 - data_feature_engineering - DEBUG - Data saved to ./data\processed\train_tfidf.csv
2026-03-10 23:47:10,412 - data_feature_engineering - DEBUG - Data saved to ./data\processed\test_tfidf.csv
2026-03-10 23:47:18,315 - data_feature_engineering - DEBUG - Parameter loaded from path: params.yaml
2026-03-10 23:47:18,316 - data_feature_engineering - ERROR - Failed to complete the feature Engineering Process: string indices must be integers, not 'str'
2026-03-10 23:48:37,632 - data_feature_engineering - DEBUG - Parameter loaded from path: params.yaml
2026-03-10 23:48:37,633 - data_feature_engineering - ERROR - Failed to complete the feature Engineering Process: string indices must be integers, not 'str'
2026-03-10 23:49:11,058 - data_feature_engineering - DEBUG - Parameter loaded from path: params.yaml
2026-03-10 23:49:11,059 - data_feature_engineering - ERROR - Failed to complete the feature Engineering Process: string indices must be integers, not 'str'
2026-03-10 23:49:55,054 - data_feature_engineering - DEBUG - Parameter loaded from path: params.yaml
2026-03-10 23:49:55,077 - data_feature_engineering - DEBUG - Data load completed...
2026-03-10 23:49:55,085 - data_feature_engineering - DEBUG - Data load completed...
2026-03-10 23:49:55,085 - data_feature_engineering - ERROR - Failed to complete the feature Engineering Process: name 'max_features' is not defined
2026-03-10 23:51:02,509 - data_feature_engineering - DEBUG - Parameter loaded from path: params.yaml
2026-03-10 23:51:02,531 - data_feature_engineering - DEBUG - Data load completed...
2026-03-10 23:51:02,539 - data_feature_engineering - DEBUG - Data load completed...
2026-03-10 23:51:02,660 - data_feature_engineering - DEBUG - Bag of words applied and data transformed
2026-03-10 23:51:02,946 - data_feature_engineering - DEBUG - Data saved to ./data\processed\train_tfidf.csv
2026-03-10 23:51:03,018 - data_feature_engineering - DEBUG - Data saved to ./data\processed\test_tfidf.csv
2026-03-10 23:55:48,124 - data_feature_engineering - DEBUG - Parameter loaded from path: params.yaml
2026-03-10 23:55:48,146 - data_feature_engineering - DEBUG - Data load completed...
2026-03-10 23:55:48,152 - data_feature_engineering - DEBUG - Data load completed...
2026-03-10 23:55:48,254 - data_feature_engineering - DEBUG - Bag of words applied and data transformed
2026-03-10 23:55:48,635 - data_feature_engineering - DEBUG - Data saved to ./data\processed\train_tfidf.csv
2026-03-10 23:55:48,764 - data_feature_engineering - DEBUG - Data saved to ./data\processed\test_tfidf.csv
